SOURCELONG:Solar Legends Core Rules	SOURCESHORT:SOL	SOURCEWEB:https://solarlegends.kertdawg.net	SOURCEDATE:2024-04
# Race Name	Favored Class			Skills/Level		Starting Feats	Size		Move			Face/Space	Reach		Bonus Languages		Main Race Type	Type			Challenge Rating	Source Page
#COMMENT: This is to replace the UI 'None Selected'. This is a core assumption race, this MUST be used in every system.
<none selected>	KEY:None Selected	GROUP:UNSELECTED	FACT:BaseSize|M	TYPE:Humanoid
Earthling		FAVCLASS:HIGHESTLEVELCLASS	XTRASKILLPTSPERLVL:1	STARTFEATS:2	SIZE:M	MOVE:Walk,30	FACE:5,5	REACH:5	BONUS:SAVE|Electrical Shock|1	BONUS:SAVE|Paralysis/Stun/Fall|1	BONUS:SAVE|Explosion/Plasma|-1	BONUS:STAT|STR|0	BONUS:STAT|DEX|0	BONUS:STAT|CON|2	BONUS:STAT|INT|1	BONUS:STAT|WIS|0	BONUS:STAT|CHA|0	BONUS:STAT|TECH|-1		RACETYPE:Humanoid	TYPE:Humanoid	CR:1/2			FACT:BaseSize|M
Martian		FAVCLASS:HIGHESTLEVELCLASS	XTRASKILLPTSPERLVL:1	STARTFEATS:2	SIZE:M	MOVE:Walk,30	FACE:5,5	REACH:5	BONUS:SAVE|Paralysis/Stun/Fall|-1	BONUS:SAVE|Toxic Atmosphere/Gas/Poison|1	BONUS:SAVE|Suffocation|1	BONUS:SAVE|Radiation|1	BONUS:SAVE|Extreme Heat|-1	BONUS:SAVE|Extreme Cold|-2	BONUS:STAT|STR|-1	BONUS:STAT|DEX|1	BONUS:STAT|CON|-1	BONUS:STAT|INT|1	BONUS:STAT|WIS|-1	BONUS:STAT|CHA|1	BONUS:STAT|TECH|0		RACETYPE:Humanoid	TYPE:Humanoid	CR:1/2			FACT:BaseSize|M
Lunarian		FAVCLASS:HIGHESTLEVELCLASS	XTRASKILLPTSPERLVL:1	STARTFEATS:2	SIZE:M	MOVE:Walk,30	FACE:5,5	REACH:5	BONUS:SAVE|Electrical Shock|1	BONUS:SAVE|Toxic Atmosphere/Gas/Poison|1-	BONUS:SAVE|Suffocation|2	BONUS:SAVE|Radiation|2	BONUS:SAVE|Extreme Heat|-1	BONUS:SAVE|Extreme Cold|-1	BONUS:STAT|STR|-2	BONUS:STAT|DEX|1	BONUS:STAT|CON|-1	BONUS:STAT|INT|2	BONUS:STAT|WIS|1	BONUS:STAT|CHA|0	BONUS:STAT|TECH|1		RACETYPE:Humanoid	TYPE:Humanoid	CR:1/2			FACT:BaseSize|M
Venusian		FAVCLASS:HIGHESTLEVELCLASS	XTRASKILLPTSPERLVL:1	STARTFEATS:2	SIZE:M	MOVE:Walk,30	FACE:5,5	REACH:5	BONUS:SAVE|Electrical Shock|1	REACH:5	BONUS:SAVE|Paralysis/Stun/Fall|1	BONUS:SAVE|Toxic Atmosphere/Gas/Poison|3	BONUS:SAVE|Suffocation|-2	BONUS:SAVE|Radiation|1	BONUS:SAVE|Extreme Heat|3	BONUS:SAVE|Extreme Cold|-3	BONUS:STAT|STR|0	BONUS:STAT|DEX|-1	BONUS:STAT|CON|1	BONUS:STAT|INT|0	BONUS:STAT|WIS|1	BONUS:STAT|CHA|-1	BONUS:STAT|TECH|0		RACETYPE:Humanoid	TYPE:Humanoid	CR:1/2			FACT:BaseSize|M
Mercurian		FAVCLASS:HIGHESTLEVELCLASS	XTRASKILLPTSPERLVL:1	STARTFEATS:2	SIZE:M	MOVE:Walk,30	FACE:5,5	REACH:5	BONUS:SAVE|Electrical Shock|-1	BONUS:SAVE|Paralysis/Stun/Fall|1	BONUS:SAVE|Toxic Atmosphere/Gas/Poison|1	BONUS:SAVE|Suffocation|1	BONUS:SAVE|Radiation|3	BONUS:SAVE|Extreme Heat|4	BONUS:SAVE|Extreme Cold|-4	BONUS:STAT|STR|-1	BONUS:STAT|DEX|1	BONUS:STAT|CON|1	BONUS:STAT|INT|0	BONUS:STAT|WIS|0	BONUS:STAT|CHA|0	BONUS:STAT|TECH|0		RACETYPE:Humanoid	TYPE:Humanoid	CR:1/2			FACT:BaseSize|M

Fixer		FAVCLASS:HIGHESTLEVELCLASS	XTRASKILLPTSPERLVL:1	STARTFEATS:2	SIZE:M	MOVE:Walk,30	FACE:5,5	REACH:5	BONUS:SAVE|Explosion/Plasma|-3	BONUS:SAVE|Electrical Shock|2	BONUS:SAVE|Toxic Atmosphere/Gas/Poison|-1	BONUS:SAVE|Radiation|2	BONUS:STAT|STR|-2	BONUS:STAT|DEX|3	BONUS:STAT|CON|-2	BONUS:STAT|INT|2	BONUS:STAT|WIS|2	BONUS:STAT|CHA|0	BONUS:STAT|TECH|3		RACETYPE:Humanoid	TYPE:Humanoid	CR:1/2			FACT:BaseSize|M
Worker		FAVCLASS:HIGHESTLEVELCLASS	XTRASKILLPTSPERLVL:1	STARTFEATS:2	SIZE:M	MOVE:Walk,30	FACE:5,5	REACH:5	BONUS:SAVE|Explosion/Plasma|1	BONUS:SAVE|Electrical Shock|1	BONUS:SAVE|Paralysis/Stun/Fall|3	BONUS:STAT|STR|3	BONUS:STAT|DEX|0	BONUS:STAT|CON|3	BONUS:STAT|INT|-2	BONUS:STAT|WIS|-1	BONUS:STAT|CHA|-3	BONUS:STAT|TECH|-1		RACETYPE:Humanoid	TYPE:Humanoid	CR:1/2			FACT:BaseSize|M
Grunt		FAVCLASS:HIGHESTLEVELCLASS	XTRASKILLPTSPERLVL:1	STARTFEATS:2	SIZE:M	MOVE:Walk,30	FACE:5,5	REACH:5	BONUS:SAVE|Explosion/Plasma|3	BONUS:SAVE|Electrical Shock|3	BONUS:SAVE|Paralysis/Stun/Fall|2	BONUS:SAVE|Toxic Atmosphere/Gas/Poison|2	BONUS:SAVE|Suffocation|-1	BONUS:SAVE|Radiation|-1	BONUS:SAVE|Extreme Heat|1	BONUS:SAVE|Extreme Cold|1	BONUS:STAT|STR|2	BONUS:STAT|DEX|2	BONUS:STAT|CON|2	BONUS:STAT|INT|-2	BONUS:STAT|WIS|-2	BONUS:STAT|CHA|-3	BONUS:STAT|TECH|-1		RACETYPE:Humanoid	TYPE:Humanoid	CR:1/2			FACT:BaseSize|M
Deepdive		FAVCLASS:HIGHESTLEVELCLASS	XTRASKILLPTSPERLVL:1	STARTFEATS:2	SIZE:M	MOVE:Walk,30	FACE:5,5	REACH:5	BONUS:SAVE|Explosion/Plasma|2	BONUS:SAVE|Electrical Shock|-2	BONUS:SAVE|Paralysis/Stun/Fall|-1	BONUS:SAVE|Toxic Atmosphere/Gas/Poison|1	BONUS:SAVE|Suffocation|4	BONUS:SAVE|Extreme Heat|-4	BONUS:SAVE|Extreme Cold|2	BONUS:STAT|STR|2	BONUS:STAT|DEX|0	BONUS:STAT|CON|1	BONUS:STAT|INT|0	BONUS:STAT|WIS|0	BONUS:STAT|CHA|1	BONUS:STAT|TECH|-2		RACETYPE:Humanoid	TYPE:Humanoid	CR:1/2			FACT:BaseSize|M
Heatseeker		FAVCLASS:HIGHESTLEVELCLASS	XTRASKILLPTSPERLVL:1	STARTFEATS:2	SIZE:M	MOVE:Walk,30	FACE:5,5	REACH:5	BONUS:SAVE|Explosion/Plasma|2	BONUS:SAVE|Electrical Shock|2	BONUS:STAT|STR|2	BONUS:SAVE|Toxic Atmosphere/Gas/Poison|4	BONUS:SAVE|Suffocation|-4	BONUS:SAVE|Radiation|1	BONUS:SAVE|Extreme Heat|6	BONUS:SAVE|Extreme Cold|-6	BONUS:STAT|DEX|-1	BONUS:STAT|CON|1	BONUS:STAT|INT|0	BONUS:STAT|WIS|-1	BONUS:STAT|CHA|-3	BONUS:STAT|TECH|1		RACETYPE:Humanoid	TYPE:Humanoid	CR:1/2			FACT:BaseSize|M
Dryfoot		FAVCLASS:HIGHESTLEVELCLASS	XTRASKILLPTSPERLVL:1	STARTFEATS:2	SIZE:M	MOVE:Walk,30	FACE:5,5	REACH:5	BONUS:SAVE|Suffocation|2	BONUS:SAVE|Radiation|2	BONUS:SAVE|Extreme Heat|-3	BONUS:SAVE|Extreme Cold|2	BONUS:STAT|STR|-1	BONUS:STAT|DEX|2	BONUS:STAT|CON|1	BONUS:STAT|INT|0	BONUS:STAT|WIS|-1	BONUS:STAT|CHA|1	BONUS:STAT|TECH|-1		RACETYPE:Humanoid	TYPE:Humanoid	CR:1/2			FACT:BaseSize|M

