SOURCELONG:Solar Legends Core Rules	SOURCESHORT:SOL	SOURCEWEB:https://solarlegends.kertdawg.net	SOURCEDATE:2024-04

#A character without a demolitions kit takes a -4 penalty on Demolitions checks
#	Thinking about doing a BONUS:SKILL|Demolitions|-4|!PREITEM.....
#A character without a disguise kit takes a -4 penalty on Disguise checks.
#A character without a forgery kit takes a -4 penalty on Forgery checks
#Collecting evidence requires an evidence kit. If the character does not have the appropriate kit,
#	the character takes a -4 penalty on his or her check.


#	Same thing...
# - Tir Gwaith

# Skill Name				Key Stat	Untrained?		Skill Penalty?	Type						Visible		Source Page				Choose				Bonus to skill							Modify VAR										Auto Language
Acrobatics					KEYSTAT:DEX	USEUNTRAINED:NO					TYPE:Dexterity							
Animal Empathy					KEYSTAT:CHA	USEUNTRAINED:NO					TYPE:Charisma							
Astrogation					KEYSTAT:INT	USEUNTRAINED:NO					TYPE:Intelligence		PRESKILL:2,Astronomy=4,Mathematics=5					
Astronomy					KEYSTAT:INT	USEUNTRAINED:NO				TYPE:Intelligence							
Battle Tactics					KEYSTAT:DEX						TYPE:Dexterity							
Bypass Security					KEYSTAT:TECH						TYPE:Technical							
Climb					KEYSTAT:DEX	USEUNTRAINED:NO					TYPE:Dexterity							
Communications Operation					KEYSTAT:TECH						TYPE:Technical							
Cryptography					KEYSTAT:INT	USEUNTRAINED:NO					TYPE:Intelligence		PRESKILL:1,Mathematics=4					
Demolitions					KEYSTAT:TECH	USEUNTRAINED:NO					TYPE:Technical							
Design Engineering					KEYSTAT:INT	USEUNTRAINED:NO					TYPE:Intelligence	    PRESKILL:2,Physics=2,MatheMatics=2					
Diagnose					KEYSTAT:INT						TYPE:Intelligence							
Disguise					KEYSTAT:INT	USEUNTRAINED:NO					TYPE:Intelligence							
Distract					KEYSTAT:CHA						TYPE:Charisma							
Drive Groundcar					KEYSTAT:DEX						TYPE:Dexterity							
Drive Heavy Ground Vehicle					KEYSTAT:DEX	USEUNTRAINED:NO					TYPE:Dexterity							
Drive Jetcar					KEYSTAT:DEX	USEUNTRAINED:NO					TYPE:Dexterity							
Drive Motorcycle					KEYSTAT:DEX						TYPE:Dexterity							
Etiquette					KEYSTAT:CHA						TYPE:Charisma							
Fast Talk / Convince					KEYSTAT:CHA						TYPE:Charisma							
First Aid					KEYSTAT:TECH						TYPE:Technical							
Handle Animal					KEYSTAT:CHA						TYPE:Charisma							
Hide					KEYSTAT:DEX						TYPE:Dexterity							
Hypnosis					KEYSTAT:CHA	USEUNTRAINED:NO					TYPE:Charisma							
Intimidate					KEYSTAT:CHA						TYPE:Charisma							
Jury Rig					KEYSTAT:TECH	USEUNTRAINED:NO					TYPE:Technical		PRESKILL:2,Repair Mechanical=2,Repair Electrical=2					
Knowledge					KEYSTAT:DEX						TYPE:Dexterity							
Leadership					KEYSTAT:CHA						TYPE:Charisma							
Library Search					KEYSTAT:INT						TYPE:Intelligence							
Life Suspension Technology					KEYSTAT:INT	USEUNTRAINED:NO					TYPE:Intelligence							
Maneuver in Zero G					KEYSTAT:DEX						TYPE:Dexterity							
Mathematics					KEYSTAT:INT	USEUNTRAINED:NO					TYPE:Intelligence							
Memorize					KEYSTAT:INT						TYPE:Intelligence							
Mimic					KEYSTAT:INT						TYPE:Intelligence							
Move Silently					KEYSTAT:DEX						TYPE:Dexterity							
Navigation					KEYSTAT:INT	USEUNTRAINED:NO					TYPE:Intelligence		PRESKILL:1,Astronomy=3					
Notice					KEYSTAT:WIS						TYPE:Wisdom							
Open Lock					KEYSTAT:TECH						TYPE:Techinal							
Physics					KEYSTAT:INT	USEUNTRAINED:NO					TYPE:Intelligence							
Pick Pocket					KEYSTAT:DEX						TYPE:Dexterity							
Pilot Fixed Wing Craft					KEYSTAT:DEX						TYPE:Dexterity							
Pilot Rocket					KEYSTAT:DEX						TYPE:Dexterity							
Pilot Rotorwing Craft					KEYSTAT:DEX	USEUNTRAINED:NO					TYPE:Dexterity							
Pilot Ship / Submarine					KEYSTAT:DEX	USEUNTRAINED:NO					TYPE:Dexterity							
Planetary Survival					KEYSTAT:WIS	USEUNTRAINED:NO					TYPE:Wisdom		PRESKILL:1,Planetology=2					
Planetology					KEYSTAT:INT	USEUNTRAINED:NO					TYPE:Intelligence							
Programming					KEYSTAT:INT	USEUNTRAINED:NO					TYPE:Intelligence		PRESKILL:1,Mathematics=2					
Read Lips					KEYSTAT:WIS						TYPE:Wisdom							
Repair Computer					KEYSTAT:TECH	USEUNTRAINED:NO					TYPE:Technical		PRESKILL:1,Repair Electrical=8					
Repair Electrical					KEYSTAT:TECH	USEUNTRAINED:NO					TYPE:Technical							
Repair Life Support					KEYSTAT:TECH	USEUNTRAINED:NO					TYPE:Technical		PRESKILL:2,Repair Mechanical=5,Repair Electrical=6					
Repair Mechanical					KEYSTAT:TECH						TYPE:Technical							
Repair Nuclear Engine					KEYSTAT:TECH	USEUNTRAINED:NO					TYPE:Technical		PRESKILL:1,Repair Mechanical=2					
Repair Rocket Hull					KEYSTAT:TECH						TYPE:Technical		PRESKILL:1,Repair Mechanical=2					
Repair Weapon					KEYSTAT:TECH						TYPE:Technical							
Ride					KEYSTAT:DEX						TYPE:Dexterity							
Sensor Operation					KEYSTAT:TECH						TYPE:Techinal							
Shadowing					KEYSTAT:WIS						TYPE:Wisdom							
Speak / Read Language					KEYSTAT:INT						TYPE:Intelligence							
Tracking					KEYSTAT:WIS						TYPE:Wisdom							
Treat Critical Wounds					KEYSTAT:INT						TYPE:Intelligence		PRESKILL:1,Treat Serious Wounds=8					
Treat Disease					KEYSTAT:INT						TYPE:Intelligence		PRESKILL:1,Diagnose=5					
Treat Light Wounds					KEYSTAT:INT						TYPE:Intelligence							
Treat Poisoning					KEYSTAT:INT						TYPE:Intelligence		PRESKILL:1,Diagnose=3					
Treat Serious Wounds					KEYSTAT:INT						TYPE:Intelligence		PRESKILL:1,Treat Light Wounds=6					
Treat Stun / Paralysis					KEYSTAT:INT						TYPE:Intelligence		PRESKILL:1,Treat Light Wounds=6					
Use Rocket Belt					KEYSTAT:DEX						TYPE:Dexterity							
