# New 5.14 'QUALITY:Bright Illumination|x ft.' and 'QUALITY:DURATION|x hr.' for light sources
###Block:Alchemical Stuff and Liquids
# Equipment Name			Type									Cost		Weight	Modifier		Source Page				Quality and value
Acid					TYPE:Goods.Alchemical.Liquid					COST:9.97	WT:1.00				
Acid (Flask)			TYPE:Goods.Alchemical.Flask.Consumable			COST:10	WT:1.25				
Antitoxin				TYPE:Goods.Liquid.Poison.DefensiveGear			COST:48.97	WT:0.0625				
Antitoxin (Flask)			TYPE:Goods.Liquid.Poison.Flask.DefensiveGear		COST:49	WT:0.0625				
Antitoxin (Vial)			TYPE:Goods.Alchemical.Vial.Consumable.DefensiveGear	COST:50	WT:0.0625				
Smokestick				TYPE:Goods.Alchemical.Consumable				COST:20			EQMOD:WOOD		

###Block:Clothing
# Equipment Name		Type					Cost		Weight	Modifier	Source Page				Special Property
Outfit (Cold Wather)	TYPE:Goods.Clothing.Resizable	COST:12	WT:4		EQMOD:CLOTH	
Outfit (Modern Fashion)	TYPE:Goods.Clothing.Resizable	COST:6	WT:4		EQMOD:CLOTH	
Outfit (Student)	TYPE:Goods.Clothing.Resizable	COST:3	WT:7		EQMOD:CLOTH		
Outfit (Professional)	TYPE:Goods.Clothing.Resizable	COST:8	WT:6		EQMOD:CLOTH	
Outfit (Laborer)	TYPE:Goods.Clothing.Resizable	COST:3	WT:4		EQMOD:CLOTH	
Outfit (Uniform)	TYPE:Goods.Clothing.Resizable	COST:1	WT:8		EQMOD:CLOTH	

###Block:Consumables
# Equipment Name		Type							Cost		Weight	Modifier	Source Page
Ale (Gallon)		TYPE:Goods.Liquid.Food				COST:0.2	WT:8		EQMOD:WOOD	
Ale (Mug)			TYPE:Goods.Food					COST:0.04	WT:1		EQMOD:CLAY	
Banquet (Per Person)	TYPE:Goods.Food					COST:10					
Bread (Loaf)		TYPE:Goods.Food.Resizable.Consumable	COST:0.02	WT:0.5			
Cheese (Hunk)		TYPE:Goods.Food.Resizable.Consumable	COST:0.1	WT:0.5			
Inn (Good/Per Day)	TYPE:Goods.Lodging.Resizable			COST:2					
Inn (Common/Per Day)	TYPE:Goods.Lodging.Resizable			COST:0.5					
Inn (Poor/Per Day)	TYPE:Goods.Lodging.Resizable			COST:0.02					
Meals (Good/Per Day)	TYPE:Goods.Food.Resizable			COST:0.5					
Meals (Common/Per Day)	TYPE:Goods.Food.Resizable			COST:0.3					
Meals (Poor/Per Day)	TYPE:Goods.Food.Resizable			COST:0.1					
Meat (Chunk)		TYPE:Goods.Food.Resizable			COST:0.3	WT:0.5			
Rations (Trail/Per Day)	TYPE:Goods.Food.Resizable.Consumable	COST:0.5	WT:1				
Wine (Common/Pitcher)	TYPE:Goods.Food.Resizable			COST:2	WT:6				
Wine (Fine/Bottle)	TYPE:Goods.Food.Resizable.Consumable	COST:10	WT:1.5			
Wine (Fine)			TYPE:Goods.Liquid.Food.Resizable		COST:8	WT:1.5			
Water (Pint)		TYPE:Goods.Liquid.Food.Resizable		COST:0	WT:1.00			

###Block:Goods
# Equipment Name			Type										Cost		Weight	Modifier		Source Page				Bonus to skill		Quality and value
Bedroll				TYPE:Goods.General.Resizable						COST:0.1	WT:5		EQMOD:CLOTH		
Bell					TYPE:Goods.General							COST:1	WT:0					
Blanket (Winter)			TYPE:Goods.General.Resizable						COST:0.5	WT:3		EQMOD:CLOTH		
Block and Tackle			TYPE:Goods.General.Resizable						COST:5	WT:5		EQMOD:WOOD		
Candle				TYPE:Goods.General.Resizable.Consumable.LightSource		COST:0.01	WT:0		EQMOD:WAX							QUALITY:Bright Illumination|5 ft.	QUALITY:DURATION|1 hr.
Canvas (Sq. Yd.)			TYPE:Goods.General							COST:0.1	WT:1		EQMOD:CLOTH		
Chain (10 Ft.)			TYPE:Goods.General							COST:30	WT:2		EQMOD:IRON		
Chalk (1 piece)			TYPE:Goods.General.Consumable						COST:0.01	WT:0					
Crowbar				TYPE:Goods.General.Resizable						COST:2	WT:5		EQMOD:IRON		
Firewood (Per Day)		TYPE:Goods.General.Consumable						COST:0.01	WT:20		EQMOD:WOOD		
Fishhook				TYPE:Goods.General.Resizable						COST:0.1	WT:0		EQMOD:STEEL		
Fishing Net (25 Sq. Ft.)	TYPE:Goods.General							COST:4	WT:5					
Lighter			TYPE:Goods.General.Resizable						COST:1	WT:0		EQMOD:STEEL	
Grappling Hook			TYPE:Goods.General.Resizable						COST:1	WT:4					
Hammer				TYPE:Goods.General.Resizable						COST:0.5	WT:2					
Ink (1 Oz. Vial)			TYPE:Goods.General.Writing.Liquid.Vial				COST:8	WT:0					
Ladder (10 Ft.)			TYPE:Goods.General							COST:0.05	WT:20					
Lamp (Common)			TYPE:Goods.General.Resizable.LightSource				COST:0.1	WT:1										QUALITY:Bright Illumination|15 ft.	QUALITY:DURATION|6 hr./pint
Lantern (Bullseye)		TYPE:Goods.General.Resizable.LightSource				COST:12	WT:3		EQMOD:GLASS.IRON						QUALITY:Bright Illumination|60 ft. cone	QUALITY:DURATION|6 hr./pint
Lantern (Hooded)			TYPE:Goods.General.Resizable.LightSource				COST:7	WT:2		EQMOD:GLASS.IRON						QUALITY:Bright Illumination|30 ft.	QUALITY:DURATION|6 hr./pint
Lock (Very Simple)		TYPE:Goods.General.Resizable						COST:20	WT:1		EQMOD:IRON		
Lock (Average)			TYPE:Goods.General.Resizable						COST:40	WT:1		EQMOD:IRON		
Lock (Good)				TYPE:Goods.General.Resizable						COST:80	WT:1		EQMOD:IRON		
Lock (Amazing)			TYPE:Goods.General.Resizable						COST:120	WT:1		EQMOD:IRON		
Manacles				TYPE:Goods.General.Resizable						COST:15	WT:2		EQMOD:IRON		
Manacles (Masterwork)		TYPE:Goods.General.Masterwork.Resizable				COST:50	WT:2		EQMOD:IRON		
Mirror (Small/Steel)		TYPE:Goods.General.Resizable						COST:10	WT:0.5	EQMOD:STEEL		
Oil (1 Pt. Flask)			TYPE:Goods.General.Liquid.Flask.Consumable			COST:0.1	WT:1					
Paper (Sheet)			TYPE:Goods.General.Writing.Documents.Resizable.Consumable	COST:0.4	WT:0		EQMOD:PAPER		
Pen (Ink)				TYPE:Goods.General.Writing.Resizable				COST:0.1	WT:0					
Pick (Miner's)			TYPE:Goods.General.Resizable						COST:3	WT:10					
Piton					TYPE:Goods.General.Resizable						COST:0.1	WT:0.5				
Pole (10 Ft.)			TYPE:Goods.General							COST:0.2	WT:8		EQMOD:WOOD		
Ram (Portable)			TYPE:Goods.General.Resizable						COST:10	WT:20					
Rope (Hemp/50 Ft.)		TYPE:Goods.General							COST:1	WT:10		EQMOD:HEMP		
Rope (Silk/50 Ft.)		TYPE:Goods.General							COST:10	WT:5		EQMOD:SILK			BONUS:SKILL|Use Rope|2
Sewing Needle			TYPE:Goods.General.Resizable						COST:0.5						
Signal Whistle			TYPE:Goods.General.Instrument.Resizable				COST:0.8	WT:0.1				
Soap (Per Lb.)			TYPE:Goods.General							COST:0.5	WT:1					
Spade or Shovel			TYPE:Goods.General.Resizable						COST:2	WT:8					
Spyglass				TYPE:Goods.General.Resizable						COST:1000	WT:1		EQMOD:GLASS		
Tent					TYPE:Goods.General.Resizable						COST:10	WT:20					
Torch					TYPE:Goods.General.Resizable.Consumable.LightSource		COST:0.01	WT:1		EQMOD:WOOD							QUALITY:Bright Illumination|20 ft.	QUALITY:DURATION|1 hr.

###Block:Tools
# Equipment Name				Type									Number of Pages	Page Usage				Cost		Weight	Modifier					Source Page				Bonus to skill																					Special Property
Artisan's Tools (Carpentry)		TYPE:Goods.Tools.Artisan.CarpentryTools											COST:5	WT:5									BONUS:SKILL|Craft (Carpentry)|2|TYPE=Circumstance|PRETYPE:1,Masterwork
Artisan's Tools (Gemcutting)		TYPE:Goods.Tools.Artisan.GemcuttingTools											COST:5	WT:5									BONUS:SKILL|Craft (Gemcutting)|2|TYPE=Circumstance|PRETYPE:1,Masterwork
Artisan's Tools (Locksmithing)	TYPE:Goods.Tools.Artisan.LocksmithingTools										COST:5	WT:5									BONUS:SKILL|Craft (Locksmithing)|2|TYPE=Circumstance|PRETYPE:1,Masterwork
Artisan's Tools (Painting)		TYPE:Goods.Tools.Artisan.PaintingTools											COST:5	WT:5									BONUS:SKILL|Craft (Painting)|2|TYPE=Circumstance|PRETYPE:1,Masterwork
Artisan's Tools (Pottery)		TYPE:Goods.Tools.Artisan.PotteryTools											COST:5	WT:5									BONUS:SKILL|Craft (Pottery)|2|TYPE=Circumstance|PRETYPE:1,Masterwork
Artisan's Tools (Sculpture)		TYPE:Goods.Tools.Artisan.SculptureTools											COST:5	WT:5									BONUS:SKILL|Craft (Sculpture)|2|TYPE=Circumstance|PRETYPE:1,Masterwork
Artisan's Tools (Tech Hacking)		TYPE:Goods.Tools.Artisan.ShipmakingTools											COST:5	WT:5									BONUS:SKILL|Craft (Shipmaking)|2|TYPE=Circumstance|PRETYPE:1,Masterwork
Artisan's Tools (Tech Engineering)	TYPE:Goods.Tools.Artisan.StoneworkingTools										COST:5	WT:5									BONUS:SKILL|Craft (Stoneworking)|2|TYPE=Circumstance|PRETYPE:1,Masterwork
Artisan's Tools (Untrained)		TYPE:Goods.Tools.Artisan.UntrainedTools											COST:5	WT:5									BONUS:SKILL|Craft (Untrained)|2|TYPE=Circumstance|PRETYPE:1,Masterwork
Climber's Kit				TYPE:Goods.Tools.Resizable													COST:80	WT:5									BONUS:SKILL|Climb|2|TYPE=Circumstance
Disguise Kit				TYPE:Goods.Tools.Resizable.Consumable											COST:50	WT:8									BONUS:SKILL|Disguise|2|TYPE=Circumstance
Musical Instrument (Bells)		TYPE:Goods.Instrument.Metal.Percussion.Resizable									COST:5	WT:3		EQMOD:BRASS					
Musical Instrument (Chime)		TYPE:Goods.Instrument.Metal.Percussion.Resizable									COST:5	WT:3		EQMOD:WOOD					
Musical Instrument (Drum)		TYPE:Goods.Instrument.Percussion.Resizable										COST:5	WT:3		EQMOD:WOOD					
Musical Instrument (Gong)		TYPE:Goods.Instrument.Metal.Percussion.Resizable									COST:5	WT:3		EQMOD:BRONZE				
Musical Instrument (Fiddle)		TYPE:Goods.Instrument.String.Resizable											COST:5	WT:3		EQMOD:WOOD					
Musical Instrument (Harp)		TYPE:Goods.Instrument.String.Resizable											COST:5	WT:3		EQMOD:WOOD					
Musical Instrument (Synthesizer)		TYPE:Goods.Instrument.String.Resizable											COST:5	WT:3		EQMOD:WOOD					
Musical Instrument (Mandolin)		TYPE:Goods.Instrument.String.Resizable											COST:5	WT:3		EQMOD:WOOD					
Musical Instrument (Flute)		TYPE:Goods.Instrument.Wind.Resizable											COST:5	WT:3		EQMOD:WOOD					
Musical Instrument (Pan Pipes)	TYPE:Goods.Instrument.Wind.Resizable											COST:5	WT:3		EQMOD:WOOD					
Musical Instrument (Recorder)		TYPE:Goods.Instrument.Wind.Resizable											COST:5	WT:3		EQMOD:WOOD					
Musical Instrument (Shawm)		TYPE:Goods.Instrument.Wind.Resizable											COST:5	WT:3		EQMOD:BRASS					
Musical Instrument (Trumpet)		TYPE:Goods.Instrument.Metal.Wind.Resizable										COST:5	WT:3		EQMOD:BRASS					
Thieves' Tools				TYPE:Goods.Tools.Resizable.Thief.ThiefTools										COST:30	WT:1		EQMOD:IRON						BONUS:SKILL|Disable Device,Open Lock|0|TYPE=Circumstance	BONUS:SKILL|Disable Device,Open Lock|2|TYPE=Circumstance|PRETYPE:1,Masterwork

###Block:Trade Goods
# Equipment Name		Type			Cost		Weight	Modifier		Source Page
Chicken			TYPE:Goods.Trade	COST:0.02						SOURCEPAGE:SRDEquipmentI
Cinnamon (Per Lb.)	TYPE:Goods.Trade	COST:1	WT:1					SOURCEPAGE:SRDEquipmentI
Copper (Per Lb.)		TYPE:Goods.Trade	COST:0.5	WT:1					SOURCEPAGE:SRDEquipmentI
Cow				TYPE:Goods.Trade	COST:10						SOURCEPAGE:SRDEquipmentI
Dog				TYPE:Goods.Trade	COST:25						SOURCEPAGE:SRDEquipmentI
Flour (Per Lb.)		TYPE:Goods.Trade	COST:0.02	WT:1					SOURCEPAGE:SRDEquipmentI
Ginger (Per Lb.)		TYPE:Goods.Trade	COST:2	WT:1					SOURCEPAGE:SRDEquipmentI
Pepper (Per Lb.)		TYPE:Goods.Trade	COST:2	WT:1					SOURCEPAGE:SRDEquipmentI
Goat				TYPE:Goods.Trade	COST:1						SOURCEPAGE:SRDEquipmentI
Gold (Per Lb.)		TYPE:Goods.Trade	COST:50	WT:1		EQMOD:GOLD		SOURCEPAGE:SRDEquipmentI
Iron (Per Lb.)		TYPE:Goods.Trade	COST:0.1	WT:1		EQMOD:IRON		SOURCEPAGE:SRDEquipmentI
Linen (sq. yard)		TYPE:Goods.Trade	COST:4	WT:1		EQMOD:CLOTH		SOURCEPAGE:SRDEquipmentI
Ox				TYPE:Goods.Trade	COST:15						SOURCEPAGE:SRDEquipmentI
Pig				TYPE:Goods.Trade	COST:3						SOURCEPAGE:SRDEquipmentI
Saffron (Per Lb.)		TYPE:Goods.Trade	COST:15	WT:1					SOURCEPAGE:SRDEquipmentI
Cloves (Per Lb.)		TYPE:Goods.Trade	COST:15	WT:1					SOURCEPAGE:SRDEquipmentI
Salt (Per Lb.)		TYPE:Goods.Trade	COST:5	WT:1					SOURCEPAGE:SRDEquipmentI
Sheep				TYPE:Goods.Trade	COST:2						SOURCEPAGE:SRDEquipmentI
Silk (sq. yard)		TYPE:Goods.Trade	COST:10	WT:0.5	EQMOD:SILK		SOURCEPAGE:SRDEquipmentI
Silver (Per Lb.)		TYPE:Goods.Trade	COST:5	WT:1		EQMOD:SILVER	SOURCEPAGE:SRDEquipmentI
Tea Leaves (Per Lb.)	TYPE:Goods.Trade	COST:0.2	WT:1					SOURCEPAGE:SRDEquipmentI
Tobacco (Per Lb.)		TYPE:Goods.Trade	COST:0.5	WT:1					SOURCEPAGE:SRDEquipmentI
Wheat (Per Lb.)		TYPE:Goods.Trade	COST:0.01	WT:1					SOURCEPAGE:SRDEquipmentI

###Block:Mundane Container Name
# Equipment Name		Type							Contains							Cost		Weight	Modifier		Source Page
Backpack			TYPE:Goods.Container.General.Resizable	CONTAINS:UNLIM|Any					COST:2	WT:2					
Barrel			TYPE:Goods.Container.General			CONTAINS:UNLIM|Any					COST:2	WT:30					
Basket			TYPE:Goods.Container.General			CONTAINS:25|Any=20					COST:0.4	WT:1					
Bottle (Glass/Wine)	TYPE:Goods.Container.General.Consumable	CONTAINS:1.5|Liquid=3|SpellComponent=1		COST:2	WT:0					
Bucket			TYPE:Goods.Container.General			CONTAINS:UNLIM|Any					COST:0.5	WT:2					
Chest				TYPE:Goods.Container.General			CONTAINS:UNLIM|Any					COST:2	WT:25					
Flask (Empty)		TYPE:Goods.Container.General.Flask		CONTAINS:1|Liquid=1|SpellComponent=1|Poison=1	COST:0.03	WT:0					
Jug (Clay)			TYPE:Goods.Container.General			CONTAINS:8|Liquid|SpellComponent=1			COST:0.03	WT:1					
Mug or Tankard (Clay)	TYPE:Goods.Container.General			CONTAINS:1|Liquid|SpellComponent=1			COST:0.02	WT:0					
Pitcher (Clay)		TYPE:Goods.Container.General			CONTAINS:4|Liquid|SpellComponent=1			COST:0.02	WT:1		EQMOD:CLAY		
Pot (Iron)			TYPE:Goods.Container.General			CONTAINS:UNLIM|Any=1					COST:0.5	WT:10		EQMOD:IRON		
Pouch (Belt)		TYPE:Goods.Container.General.Resizable	CONTAINS:UNLIM|Any=5|Gem=50|Coin=50|Total=50	COST:1	WT:0.5				
Sack				TYPE:Goods.Container.General			CONTAINS:UNLIM|Any=50					COST:0.1	WT:0.5	EQMOD:HEMP		
Vial				TYPE:Goods.Container.General.Vial		CONTAINS:1|Liquid=1|SpellComponent=1|Poison=1	COST:1						
Waterskin			TYPE:Goods.Container.General.Resizable	CONTAINS:4|Liquid=4					COST:1	WT:0		EQMOD:LEATHER	
Waterskin (Filled)	TYPE:Goods.General.Resizable											COST:1	WT:4		EQMOD:LEATHER	


