# Equipment Name			Output Name					Type							Cost		Weight	Base Quantity	Modifier		Source Page
Smart Clothes											TYPE:Armor.Smart Clothes	COST:1000	WT:30	BONUS:COMBAT|AC|2
Replacement Tunic											TYPE:Armor.Smart Clothes	COST:500
Replacement Pants											TYPE:Armor.Smart Clothes	COST:300
Replacement Gloves											TYPE:Armor.Smart Clothes	COST:100
Replacement Boots											TYPE:Armor.Smart Clothes	COST:100
Spacesuit Backup											TYPE:Armor.Smart Clothes	COST:200	WT:10
Utility Belt											TYPE:Armor.Smart Clothes	COST:200	WT:5
Power Pack											TYPE:Armor.Smart Clothes	COST:25	WT:1
ECM Package											TYPE:Armor.Smart Clothes	COST:50	WT:0.5
Stealth Unit											TYPE:Armor.Smart Clothes	COST:25	WT:0.5
Security Pack											TYPE:Armor.Smart Clothes	COST:35	WT:5
Communications Pack											TYPE:Armor.Smart Clothes	COST:50	WT:10
Space Suit (12 hr.)											TYPE:Armor.Space Suit	COST:200	WT:25	BONUS:COMBAT|AC|1
Space Suit (24 hr.)											TYPE:Armor.Space Suit	COST:300	WT:25	BONUS:COMBAT|AC|1
Space Suit (72 hr.)											TYPE:Armor.Space Suit	COST:400	WT:25	BONUS:COMBAT|AC|1
Space Suit (168 hr.)											TYPE:Armor.Space Suit	COST:500	WT:25	BONUS:COMBAT|AC|1
Light Body Armor											TYPE:Armor.Light Body Armor	COST:250	WT:15	BONUS:COMBAT|AC|2
Replacement Torso											TYPE:Armor.Light Body Armor	COST:75
Replacement Arm											TYPE:Armor.Light Body Armor	COST:30
Replacement Leg											TYPE:Armor.Light Body Armor	COST:40
Replacement Helmet											TYPE:Armor.Light Body Armor	COST:25
Medium Body Armor											TYPE:Armor.Medium Body Armor	COST:600	WT:25	BONUS:COMBAT|AC|3
Replacement Torso											TYPE:Armor.Medium Body Armor	COST:200
Replacement Arm											TYPE:Armor.Medium Body Armor	COST:70
Replacement Leg											TYPE:Armor.Medium Body Armor	COST:80
Replacement Helmet											TYPE:Armor.Medium Body Armor	COST:110
Heavy Body Armo											TYPE:Armor.Heavy Body Armor	COST:1500	WT:35	BONUS:COMBAT|AC|4
Replacement Torso											TYPE:Armor.Heavy Body Armor	COST:450
Replacement Arm											TYPE:Armor.Heavy Body Armor	COST:180
Replacement Leg											TYPE:Armor.Heavy Body Armor	COST:240
Replacement Helmet											TYPE:Armor.Heavy Body Armor	COST:210
Battle Armor (heavy)											TYPE:Armor.Battle Armor	COST:2500	WT:75	BONUS:COMBAT|AC|6
Battle Armor w/ Fields											TYPE:Armor.Battle Armor	COST:3000	WT:80	BONUS:COMBAT|AC|8
