
# Class Name	Hit Dice	Type			Max Level	Ex Class			Source Page			Define			Combat bonus										Save bonus																						Modify VAR				Monster Role	FACT
CLASS:Rocket Pilot	HD:6		TYPE:Base.PC	MAXLEVEL:20			DEFINE:RocketPilotLVL|0	BONUS:ABILITYPOOL|FEAT|1			BONUS:VAR|RocketPilotLVL|CL				FACT:Abb|Plt

###Block: BAB
1	BONUS:COMBAT|BASEAB|0
2	BONUS:COMBAT|BASEAB|0
3	BONUS:COMBAT|BASEAB|1
4	BONUS:COMBAT|BASEAB|1
5	BONUS:COMBAT|BASEAB|2
6	BONUS:COMBAT|BASEAB|2
7	BONUS:COMBAT|BASEAB|3
8	BONUS:COMBAT|BASEAB|3
9	BONUS:COMBAT|BASEAB|4
10	BONUS:COMBAT|BASEAB|4
11	BONUS:COMBAT|BASEAB|5
12	BONUS:COMBAT|BASEAB|5
13	BONUS:COMBAT|BASEAB|6
14	BONUS:COMBAT|BASEAB|6
15	BONUS:COMBAT|BASEAB|7
16	BONUS:COMBAT|BASEAB|7
17	BONUS:COMBAT|BASEAB|8
18	BONUS:COMBAT|BASEAB|8
19	BONUS:COMBAT|BASEAB|9
20	BONUS:COMBAT|BASEAB|9

# Class Name	Hit Dice	Type			Max Level	Ex Class			Source Page			Define			Combat bonus										Save bonus																						Modify VAR				Monster Role	FACT
CLASS:Warrior	HD:10		TYPE:Base.PC	MAXLEVEL:20			DEFINE:WarriorLVL|0	BONUS:ABILITYPOOL|FEAT|1			BONUS:VAR|WarriorLVL|CL				FACT:Abb|War
CLASS:Scout	HD:8		TYPE:Base.PC	MAXLEVEL:20			DEFINE:ScoutLVL|0	BONUS:ABILITYPOOL|FEAT|1			BONUS:VAR|ScoutLVL|CL				FACT:Abb|Sct
CLASS:Engineer	HD:8		TYPE:Base.PC	MAXLEVEL:20			DEFINE:EngineerLVL|0	BONUS:ABILITYPOOL|FEAT|1			BONUS:VAR|EngineerLVL|CL				FACT:Abb|Eng
CLASS:Rogue	HD:6		TYPE:Base.PC	MAXLEVEL:20			DEFINE:RogueLVL|0	BONUS:ABILITYPOOL|FEAT|1			BONUS:VAR|RogueLVL|CL				FACT:Abb|Rog
CLASS:Medic	HD:6		TYPE:Base.PC	MAXLEVEL:20			DEFINE:MedicLVL|0	BONUS:ABILITYPOOL|FEAT|1			BONUS:VAR|MedicLVL|CL				FACT:Abb|Med
