# New 5.14 'QUALITY:Bright Illumination|x ft.' and 'QUALITY:DURATION|x hr.' for light sources
###Block:Alchemical Stuff and Liquids
# Equipment Name			Type									Cost		Weight	Modifier		Source Page				Quality and value

###Block:Clothing
# Equipment Name		Type					Cost		Weight	Modifier	Source Page				Special Property
Outfit (Cold Wather)	TYPE:Goods.Clothing.Resizable	COST:12	WT:4			
Outfit (Modern Fashion)	TYPE:Goods.Clothing.Resizable	COST:6	WT:4			
Outfit (Pilot's Outfit)	TYPE:Goods.Clothing.Resizable	COST:20	WT:4			
Outfit (Professional)	TYPE:Goods.Clothing.Resizable	COST:8	WT:6			
Outfit (Student)	TYPE:Goods.Clothing.Resizable	COST:3	WT:7				
Outfit (Laborer)	TYPE:Goods.Clothing.Resizable	COST:3	WT:4			
Outfit (Uniform)	TYPE:Goods.Clothing.Resizable	COST:1	WT:8			

###Block:Consumables
# Equipment Name		Type							Cost		Weight	Modifier	Source Page
Ale (Mug)			TYPE:Goods.Food					COST:0.04	WT:1			
Banquet (Per Person)	TYPE:Goods.Food					COST:10					
Inn (Good/Per Day)	TYPE:Goods.Lodging			COST:4					
Inn (Common/Per Day)	TYPE:Goods.Lodging			COST:2					
Inn (Poor/Per Day)	TYPE:Goods.Lodging			COST:1					
Meals (Good/Per Day)	TYPE:Goods.Food			COST:2					
Meals (Common/Per Day)	TYPE:Goods.Food			COST:1					
Meals (Poor/Per Day)	TYPE:Goods.Food			COST:0.5					
Rations (Trail/Per Day)	TYPE:Goods.Food	    COST:0.5	WT:1				
Water (Pint)		TYPE:Goods.Food		COST:0	WT:1.00			

###Block:Goods
# Equipment Name			Type										Cost		Weight	Modifier		Source Page				Bonus to skill		Quality and value
Blanket (Winter)			TYPE:Goods.General.Resizable						COST:0.5	WT:3				
Chain (10 Ft.)			TYPE:Goods.General							COST:30	WT:2				
Crowbar				TYPE:Goods.Tools						COST:2	WT:5				
Flashlight				TYPE:Goods.General						COST:2	WT:5				
Lighter			TYPE:Goods.General						COST:1	WT:0			
Grappling Hook			TYPE:Goods.General						COST:1	WT:4					
Hammer				TYPE:Goods.Tools						COST:0.5	WT:2					
Ladder (10 Ft.)			TYPE:Goods.General							COST:0.05	WT:20					
Lock (Simple)		TYPE:Goods.General						COST:10	WT:1				
Lock (Electronic Combination)		TYPE:Goods.General						COST:20	WT:1				
Lock (Electronic Multifactor)		TYPE:Goods.General						COST:60	WT:1				
Lock (Artificial Personality)		TYPE:Goods.General						COST:200	WT:1				
Piton					TYPE:Goods.General.Resizable						COST:0.1	WT:0.1				
Pole (10 Ft.)			TYPE:Goods.General							COST:0.2	WT:8				
Rope (Hemp/50 Ft.)		TYPE:Goods.General							COST:1	WT:10				
Rope (Silk/50 Ft.)		TYPE:Goods.General							COST:10	WT:5					
Signal Whistle			TYPE:Goods.General				COST:0.8	WT:0.1				
Spade or Shovel			TYPE:Goods.Tools						COST:2	WT:8					
Tent					TYPE:Goods.Tools						COST:10	WT:20					

###Block:Tools
# Equipment Name				Type									Number of Pages	Page Usage				Cost		Weight	Modifier					Source Page				Bonus to skill																					Special Property
Climber's Kit				TYPE:Goods.Tools													COST:80	WT:5									
Disguise Kit				TYPE:Goods.Tools											COST:50	WT:8									
Musical Instrument (Synthesizer)		TYPE:Goods.Instrument											COST:40	WT:3							
Rogues' Tools				TYPE:Goods.Tools										COST:30	WT:1									

###Block:Mundane Container Name
# Equipment Name		Type							Contains							Cost		Weight	Modifier		Source Page
Backpack			TYPE:Goods.Container	CONTAINS:UNLIM|Any					COST:2	WT:2					
Bottle (Glass/Wine)	TYPE:Goods.Container			COST:2	WT:0					
Sack				TYPE:Goods.Container			CONTAINS:UNLIM|Any					COST:0.1	WT:0.5			
Vial				TYPE:Goods.Container			COST:1						
Waterskin			TYPE:Goods.Container	CONTAINS:4|Liquid=4					COST:1	WT:0			
Waterskin (Filled)	TYPE:Goods.Container											COST:1	WT:4			


