# CVS $Revision$ $Author$ -- Fri Oct 19 20:16:09 2012 -- reformated by prettylst.pl v1.39 (build 15052)
SOURCELONG:System Reference Document	SOURCESHORT:SRD	SOURCEWEB:http://groups.yahoo.com/group/pcgen/files/3.0%20SRD/	SOURCEDATE:2000-01

# Equipment Name			Output Name					Type							Cost		Weight	Base Quantity	Modifier		Source Page
Capacitor Magazine											TYPE:Ammunition.Laser Pistol	COST:25	WT:0.25				
Capacitor Magazine											TYPE:Ammunition.Laser Rifle	COST:50	WT:0.25				
Stupid Ammo Magazine											TYPE:Ammunition.Rocket Pistol	COST:20	WT:1				
Smart Ammo Magazine											TYPE:Ammunition.Rocket Pistol	COST:50	WT:1				
Chaff Pack											TYPE:Ammunition.Rocket Pistol	COST:50	WT:2				
Aerosol Mist Pack											TYPE:Ammunition.Rocket Pistol	COST:50	WT:2				
Stupid Ammo Magazine											TYPE:Ammunition.Rocket Rifle	COST:40	WT:2				
Smart Ammo Magazine											TYPE:Ammunition.Rocket Rifle	COST:100	WT:2				
Chaff Pack											TYPE:Ammunition.Rocket Rifle	COST:50	WT:2				
Aerosol Mist Pack											TYPE:Ammunition.Rocket Rifle	COST:50	WT:2				
Needle Ammo Magazine											TYPE:Ammunition.Needle Gun	COST:25	WT:0.25				
Bolt Ammo Magazine											TYPE:Ammunition.Bolt Gun	COST:10	WT:2				
Plasma Tank											TYPE:Ammunition.Heat Gun	COST:25	WT:1				
Bolt Magazine											TYPE:Ammunition.Dryfoot Crossbow	COST:5	WT:2				
Shell Magazine											TYPE:Ammunition.Dryfoot Crossbow	COST:10	WT:4				
Rocket											TYPE:Ammunition.Rocket Launcher	COST:100	WT:2				
Plasma Cartridge											TYPE:Ammunition.Plasma Thrower	COST:80	WT:2				
